
[1m[7m[36m RUN [39m[27m[22m [36mv2.1.9 [39m[90mC:/Users/Mujjo/Desktop/TailorPro-main[39m

